Archive member included to satisfy reference by file (symbol)

c:/nanoframework_tools/gnu_arm_toolchain/8-2018-q4_major/bin/../lib/gcc/arm-none-eabi/7.3.1/../../../../arm-none-eabi/lib/thumb/v6-m\libc_nano.a(lib_a-exit.o)
                              c:/nanoframework_tools/gnu_arm_toolchain/8-2018-q4_major/bin/../lib/gcc/arm-none-eabi/7.3.1/../../../../arm-none-eabi/lib/thumb/v6-m/crt0.o (exit)
c:/nanoframework_tools/gnu_arm_toolchain/8-2018-q4_major/bin/../lib/gcc/arm-none-eabi/7.3.1/../../../../arm-none-eabi/lib/thumb/v6-m\libc_nano.a(lib_a-impure.o)
                              c:/nanoframework_tools/gnu_arm_toolchain/8-2018-q4_major/bin/../lib/gcc/arm-none-eabi/7.3.1/../../../../arm-none-eabi/lib/thumb/v6-m\libc_nano.a(lib_a-exit.o) (_global_impure_ptr)
c:/nanoframework_tools/gnu_arm_toolchain/8-2018-q4_major/bin/../lib/gcc/arm-none-eabi/7.3.1/../../../../arm-none-eabi/lib/thumb/v6-m\libc_nano.a(lib_a-init.o)
                              c:/nanoframework_tools/gnu_arm_toolchain/8-2018-q4_major/bin/../lib/gcc/arm-none-eabi/7.3.1/../../../../arm-none-eabi/lib/thumb/v6-m/crt0.o (__libc_init_array)
c:/nanoframework_tools/gnu_arm_toolchain/8-2018-q4_major/bin/../lib/gcc/arm-none-eabi/7.3.1/../../../../arm-none-eabi/lib/thumb/v6-m\libc_nano.a(lib_a-memset.o)
                              c:/nanoframework_tools/gnu_arm_toolchain/8-2018-q4_major/bin/../lib/gcc/arm-none-eabi/7.3.1/../../../../arm-none-eabi/lib/thumb/v6-m/crt0.o (memset)
c:/nanoframework_tools/gnu_arm_toolchain/8-2018-q4_major/bin/../lib/gcc/arm-none-eabi/7.3.1/../../../../arm-none-eabi/lib/thumb/v6-m\libnosys.a(_exit.o)
                              c:/nanoframework_tools/gnu_arm_toolchain/8-2018-q4_major/bin/../lib/gcc/arm-none-eabi/7.3.1/../../../../arm-none-eabi/lib/thumb/v6-m\libc_nano.a(lib_a-exit.o) (_exit)

Memory Configuration

Name             Origin             Length             Attributes
FLASH            0x00000000         0x00006000         xr
RAM              0x10000000         0x00002000         xrw
*default*        0x00000000         0xffffffff

Linker script and memory map

LOAD c:/nanoframework_tools/gnu_arm_toolchain/8-2018-q4_major/bin/../lib/gcc/arm-none-eabi/7.3.1/thumb/v6-m/crti.o
LOAD c:/nanoframework_tools/gnu_arm_toolchain/8-2018-q4_major/bin/../lib/gcc/arm-none-eabi/7.3.1/thumb/v6-m/crtbegin.o
LOAD c:/nanoframework_tools/gnu_arm_toolchain/8-2018-q4_major/bin/../lib/gcc/arm-none-eabi/7.3.1/../../../../arm-none-eabi/lib/thumb/v6-m/crt0.o
LOAD c:/nanoframework_tools/gnu_arm_toolchain/8-2018-q4_major/bin/../lib/gcc/arm-none-eabi/7.3.1/thumb/v6-m\libgcc.a
LOAD c:/nanoframework_tools/gnu_arm_toolchain/8-2018-q4_major/bin/../lib/gcc/arm-none-eabi/7.3.1/../../../../arm-none-eabi/lib/thumb/v6-m\libc_nano.a
LOAD c:/nanoframework_tools/gnu_arm_toolchain/8-2018-q4_major/bin/../lib/gcc/arm-none-eabi/7.3.1/../../../../arm-none-eabi/lib/thumb/v6-m\libnosys.a
LOAD CMakeFiles/LPC1113_Test_2.elf.dir/Main/main.c.obj
LOAD CMakeFiles/LPC1113_Test_2.elf.dir/Startup/system_LPC11xx.c.obj
START GROUP
LOAD c:/nanoframework_tools/gnu_arm_toolchain/8-2018-q4_major/bin/../lib/gcc/arm-none-eabi/7.3.1/thumb/v6-m\libgcc.a
LOAD c:/nanoframework_tools/gnu_arm_toolchain/8-2018-q4_major/bin/../lib/gcc/arm-none-eabi/7.3.1/../../../../arm-none-eabi/lib/thumb/v6-m\libg_nano.a
LOAD c:/nanoframework_tools/gnu_arm_toolchain/8-2018-q4_major/bin/../lib/gcc/arm-none-eabi/7.3.1/../../../../arm-none-eabi/lib/thumb/v6-m\libc_nano.a
END GROUP
START GROUP
LOAD c:/nanoframework_tools/gnu_arm_toolchain/8-2018-q4_major/bin/../lib/gcc/arm-none-eabi/7.3.1/thumb/v6-m\libgcc.a
LOAD c:/nanoframework_tools/gnu_arm_toolchain/8-2018-q4_major/bin/../lib/gcc/arm-none-eabi/7.3.1/../../../../arm-none-eabi/lib/thumb/v6-m\libc_nano.a
LOAD c:/nanoframework_tools/gnu_arm_toolchain/8-2018-q4_major/bin/../lib/gcc/arm-none-eabi/7.3.1/../../../../arm-none-eabi/lib/thumb/v6-m\libnosys.a
END GROUP
START GROUP
LOAD c:/nanoframework_tools/gnu_arm_toolchain/8-2018-q4_major/bin/../lib/gcc/arm-none-eabi/7.3.1/thumb/v6-m\libgcc.a
LOAD c:/nanoframework_tools/gnu_arm_toolchain/8-2018-q4_major/bin/../lib/gcc/arm-none-eabi/7.3.1/../../../../arm-none-eabi/lib/thumb/v6-m\libc_nano.a
LOAD c:/nanoframework_tools/gnu_arm_toolchain/8-2018-q4_major/bin/../lib/gcc/arm-none-eabi/7.3.1/../../../../arm-none-eabi/lib/thumb/v6-m\libnosys.a
END GROUP
LOAD c:/nanoframework_tools/gnu_arm_toolchain/8-2018-q4_major/bin/../lib/gcc/arm-none-eabi/7.3.1/thumb/v6-m/crtend.o
LOAD c:/nanoframework_tools/gnu_arm_toolchain/8-2018-q4_major/bin/../lib/gcc/arm-none-eabi/7.3.1/thumb/v6-m/crtn.o

.text           0x00000000      0x204
                0x00000000                __START = .
 *(.isr_vector)
 *(.text*)
 .text          0x00000000        0x0 c:/nanoframework_tools/gnu_arm_toolchain/8-2018-q4_major/bin/../lib/gcc/arm-none-eabi/7.3.1/thumb/v6-m/crti.o
 .text          0x00000000       0x48 c:/nanoframework_tools/gnu_arm_toolchain/8-2018-q4_major/bin/../lib/gcc/arm-none-eabi/7.3.1/thumb/v6-m/crtbegin.o
 .text          0x00000048       0x78 c:/nanoframework_tools/gnu_arm_toolchain/8-2018-q4_major/bin/../lib/gcc/arm-none-eabi/7.3.1/../../../../arm-none-eabi/lib/thumb/v6-m/crt0.o
                0x00000048                _start
                0x00000048                _mainCRTStartup
 .text          0x000000c0        0x0 c:/nanoframework_tools/gnu_arm_toolchain/8-2018-q4_major/bin/../lib/gcc/arm-none-eabi/7.3.1/../../../../arm-none-eabi/lib/thumb/v6-m\libc_nano.a(lib_a-exit.o)
 .text.exit     0x000000c0       0x2c c:/nanoframework_tools/gnu_arm_toolchain/8-2018-q4_major/bin/../lib/gcc/arm-none-eabi/7.3.1/../../../../arm-none-eabi/lib/thumb/v6-m\libc_nano.a(lib_a-exit.o)
                0x000000c0                exit
 .text          0x000000ec        0x0 c:/nanoframework_tools/gnu_arm_toolchain/8-2018-q4_major/bin/../lib/gcc/arm-none-eabi/7.3.1/../../../../arm-none-eabi/lib/thumb/v6-m\libc_nano.a(lib_a-impure.o)
 .text          0x000000ec        0x0 c:/nanoframework_tools/gnu_arm_toolchain/8-2018-q4_major/bin/../lib/gcc/arm-none-eabi/7.3.1/../../../../arm-none-eabi/lib/thumb/v6-m\libc_nano.a(lib_a-init.o)
 .text.__libc_init_array
                0x000000ec       0x48 c:/nanoframework_tools/gnu_arm_toolchain/8-2018-q4_major/bin/../lib/gcc/arm-none-eabi/7.3.1/../../../../arm-none-eabi/lib/thumb/v6-m\libc_nano.a(lib_a-init.o)
                0x000000ec                __libc_init_array
 .text          0x00000134        0x0 c:/nanoframework_tools/gnu_arm_toolchain/8-2018-q4_major/bin/../lib/gcc/arm-none-eabi/7.3.1/../../../../arm-none-eabi/lib/thumb/v6-m\libc_nano.a(lib_a-memset.o)
 .text.memset   0x00000134       0x10 c:/nanoframework_tools/gnu_arm_toolchain/8-2018-q4_major/bin/../lib/gcc/arm-none-eabi/7.3.1/../../../../arm-none-eabi/lib/thumb/v6-m\libc_nano.a(lib_a-memset.o)
                0x00000134                memset
 .text          0x00000144        0x0 c:/nanoframework_tools/gnu_arm_toolchain/8-2018-q4_major/bin/../lib/gcc/arm-none-eabi/7.3.1/../../../../arm-none-eabi/lib/thumb/v6-m\libnosys.a(_exit.o)
 .text._exit    0x00000144        0x4 c:/nanoframework_tools/gnu_arm_toolchain/8-2018-q4_major/bin/../lib/gcc/arm-none-eabi/7.3.1/../../../../arm-none-eabi/lib/thumb/v6-m\libnosys.a(_exit.o)
                0x00000144                _exit
 .text          0x00000148        0x0 CMakeFiles/LPC1113_Test_2.elf.dir/Main/main.c.obj
 .text.startup  0x00000148        0x4 CMakeFiles/LPC1113_Test_2.elf.dir/Main/main.c.obj
                0x00000148                main
 .text          0x0000014c       0x98 CMakeFiles/LPC1113_Test_2.elf.dir/Startup/system_LPC11xx.c.obj
                0x0000014c                Main_PLL_Setup
                0x000001b8                SystemInit
 .text          0x000001e4        0x0 c:/nanoframework_tools/gnu_arm_toolchain/8-2018-q4_major/bin/../lib/gcc/arm-none-eabi/7.3.1/thumb/v6-m/crtend.o
 .text          0x000001e4        0x0 c:/nanoframework_tools/gnu_arm_toolchain/8-2018-q4_major/bin/../lib/gcc/arm-none-eabi/7.3.1/thumb/v6-m/crtn.o
 *(.init)
 .init          0x000001e4        0x4 c:/nanoframework_tools/gnu_arm_toolchain/8-2018-q4_major/bin/../lib/gcc/arm-none-eabi/7.3.1/thumb/v6-m/crti.o
                0x000001e4                _init
 .init          0x000001e8        0x8 c:/nanoframework_tools/gnu_arm_toolchain/8-2018-q4_major/bin/../lib/gcc/arm-none-eabi/7.3.1/thumb/v6-m/crtn.o
 *(.fini)
 .fini          0x000001f0        0x4 c:/nanoframework_tools/gnu_arm_toolchain/8-2018-q4_major/bin/../lib/gcc/arm-none-eabi/7.3.1/thumb/v6-m/crti.o
                0x000001f0                _fini
 .fini          0x000001f4        0x8 c:/nanoframework_tools/gnu_arm_toolchain/8-2018-q4_major/bin/../lib/gcc/arm-none-eabi/7.3.1/thumb/v6-m/crtn.o
 *crtbegin.o(.ctors)
 *crtbegin?.o(.ctors)
 *(EXCLUDE_FILE(*crtend.o *crtend?.o) .ctors)
 *(SORT_BY_NAME(.ctors.*))
 *(.ctors)
 *crtbegin.o(.dtors)
 *crtbegin?.o(.dtors)
 *(EXCLUDE_FILE(*crtend.o *crtend?.o) .dtors)
 *(SORT_BY_NAME(.dtors.*))
 *(.dtors)
 *(.rodata*)
 .rodata._global_impure_ptr
                0x000001fc        0x4 c:/nanoframework_tools/gnu_arm_toolchain/8-2018-q4_major/bin/../lib/gcc/arm-none-eabi/7.3.1/../../../../arm-none-eabi/lib/thumb/v6-m\libc_nano.a(lib_a-impure.o)
                0x000001fc                _global_impure_ptr
 *(.eh_frame*)
 .eh_frame      0x00000200        0x0 c:/nanoframework_tools/gnu_arm_toolchain/8-2018-q4_major/bin/../lib/gcc/arm-none-eabi/7.3.1/thumb/v6-m/crtbegin.o
 .eh_frame      0x00000200        0x4 c:/nanoframework_tools/gnu_arm_toolchain/8-2018-q4_major/bin/../lib/gcc/arm-none-eabi/7.3.1/thumb/v6-m/crtend.o

.glue_7         0x00000204        0x0
 .glue_7        0x00000204        0x0 linker stubs

.glue_7t        0x00000204        0x0
 .glue_7t       0x00000204        0x0 linker stubs

.vfp11_veneer   0x00000204        0x0
 .vfp11_veneer  0x00000204        0x0 linker stubs

.v4_bx          0x00000204        0x0
 .v4_bx         0x00000204        0x0 linker stubs

.iplt           0x00000204        0x0
 .iplt          0x00000204        0x0 c:/nanoframework_tools/gnu_arm_toolchain/8-2018-q4_major/bin/../lib/gcc/arm-none-eabi/7.3.1/thumb/v6-m/crtbegin.o

.ARM.extab      0x00000204        0x0
 *(.ARM.extab* .gnu.linkonce.armextab.*)
 .ARM.extab     0x00000204        0x0 c:/nanoframework_tools/gnu_arm_toolchain/8-2018-q4_major/bin/../lib/gcc/arm-none-eabi/7.3.1/../../../../arm-none-eabi/lib/thumb/v6-m/crt0.o
                0x00000204                __exidx_start = .

.ARM.exidx      0x00000204        0x8
 *(.ARM.exidx* .gnu.linkonce.armexidx.*)
 .ARM.exidx     0x00000204        0x8 c:/nanoframework_tools/gnu_arm_toolchain/8-2018-q4_major/bin/../lib/gcc/arm-none-eabi/7.3.1/../../../../arm-none-eabi/lib/thumb/v6-m/crt0.o
                0x0000020c                __exidx_end = .
                0x0000020c                __etext = .

.rel.dyn        0x0000020c        0x0
 .rel.iplt      0x0000020c        0x0 c:/nanoframework_tools/gnu_arm_toolchain/8-2018-q4_major/bin/../lib/gcc/arm-none-eabi/7.3.1/thumb/v6-m/crtbegin.o

.data           0x10000000       0x7c load address 0x0000020c
                0x10000000                __data_start__ = .
 *(vtable)
 *(.data*)
 .data          0x10000000        0x0 c:/nanoframework_tools/gnu_arm_toolchain/8-2018-q4_major/bin/../lib/gcc/arm-none-eabi/7.3.1/thumb/v6-m/crti.o
 .data          0x10000000        0x4 c:/nanoframework_tools/gnu_arm_toolchain/8-2018-q4_major/bin/../lib/gcc/arm-none-eabi/7.3.1/thumb/v6-m/crtbegin.o
                0x10000000                __dso_handle
 .data          0x10000004        0x0 c:/nanoframework_tools/gnu_arm_toolchain/8-2018-q4_major/bin/../lib/gcc/arm-none-eabi/7.3.1/../../../../arm-none-eabi/lib/thumb/v6-m/crt0.o
 .data          0x10000004        0x0 c:/nanoframework_tools/gnu_arm_toolchain/8-2018-q4_major/bin/../lib/gcc/arm-none-eabi/7.3.1/../../../../arm-none-eabi/lib/thumb/v6-m\libc_nano.a(lib_a-exit.o)
 .data          0x10000004        0x0 c:/nanoframework_tools/gnu_arm_toolchain/8-2018-q4_major/bin/../lib/gcc/arm-none-eabi/7.3.1/../../../../arm-none-eabi/lib/thumb/v6-m\libc_nano.a(lib_a-impure.o)
 .data._impure_ptr
                0x10000004        0x4 c:/nanoframework_tools/gnu_arm_toolchain/8-2018-q4_major/bin/../lib/gcc/arm-none-eabi/7.3.1/../../../../arm-none-eabi/lib/thumb/v6-m\libc_nano.a(lib_a-impure.o)
                0x10000004                _impure_ptr
 .data.impure_data
                0x10000008       0x60 c:/nanoframework_tools/gnu_arm_toolchain/8-2018-q4_major/bin/../lib/gcc/arm-none-eabi/7.3.1/../../../../arm-none-eabi/lib/thumb/v6-m\libc_nano.a(lib_a-impure.o)
 .data          0x10000068        0x0 c:/nanoframework_tools/gnu_arm_toolchain/8-2018-q4_major/bin/../lib/gcc/arm-none-eabi/7.3.1/../../../../arm-none-eabi/lib/thumb/v6-m\libc_nano.a(lib_a-init.o)
 .data          0x10000068        0x0 c:/nanoframework_tools/gnu_arm_toolchain/8-2018-q4_major/bin/../lib/gcc/arm-none-eabi/7.3.1/../../../../arm-none-eabi/lib/thumb/v6-m\libc_nano.a(lib_a-memset.o)
 .data          0x10000068        0x0 c:/nanoframework_tools/gnu_arm_toolchain/8-2018-q4_major/bin/../lib/gcc/arm-none-eabi/7.3.1/../../../../arm-none-eabi/lib/thumb/v6-m\libnosys.a(_exit.o)
 .data          0x10000068        0x0 CMakeFiles/LPC1113_Test_2.elf.dir/Main/main.c.obj
 .data          0x10000068        0xc CMakeFiles/LPC1113_Test_2.elf.dir/Startup/system_LPC11xx.c.obj
                0x10000068                ClockSource
                0x1000006c                SystemFrequency
                0x10000070                SystemAHBFrequency
 .data          0x10000074        0x0 c:/nanoframework_tools/gnu_arm_toolchain/8-2018-q4_major/bin/../lib/gcc/arm-none-eabi/7.3.1/thumb/v6-m/crtend.o
 .data          0x10000074        0x0 c:/nanoframework_tools/gnu_arm_toolchain/8-2018-q4_major/bin/../lib/gcc/arm-none-eabi/7.3.1/thumb/v6-m/crtn.o
                0x10000074                . = ALIGN (0x4)
                0x10000074                PROVIDE (__preinit_array_start = .)
 *(.preinit_array)
                0x10000074                PROVIDE (__preinit_array_end = .)
                0x10000074                . = ALIGN (0x4)
                0x10000074                PROVIDE (__init_array_start = .)
 *(SORT_BY_NAME(.init_array.*))
 *(.init_array)
 .init_array    0x10000074        0x4 c:/nanoframework_tools/gnu_arm_toolchain/8-2018-q4_major/bin/../lib/gcc/arm-none-eabi/7.3.1/thumb/v6-m/crtbegin.o
                0x10000078                PROVIDE (__init_array_end = .)
                0x10000078                . = ALIGN (0x4)
                [!provide]                PROVIDE (__fini_array_start = .)
 *(SORT_BY_NAME(.fini_array.*))
 *(.fini_array)
 .fini_array    0x10000078        0x4 c:/nanoframework_tools/gnu_arm_toolchain/8-2018-q4_major/bin/../lib/gcc/arm-none-eabi/7.3.1/thumb/v6-m/crtbegin.o
                [!provide]                PROVIDE (__fini_array_end = .)
 *(.jcr*)
                0x1000007c                . = ALIGN (0x4)
                0x1000007c                __data_end__ = .

.igot.plt       0x1000007c        0x0 load address 0x00000288
 .igot.plt      0x1000007c        0x0 c:/nanoframework_tools/gnu_arm_toolchain/8-2018-q4_major/bin/../lib/gcc/arm-none-eabi/7.3.1/thumb/v6-m/crtbegin.o

.bss            0x1000007c       0x1c load address 0x00000288
                0x1000007c                . = ALIGN (0x4)
                0x1000007c                __bss_start__ = .
 *(.bss*)
 .bss           0x1000007c        0x0 c:/nanoframework_tools/gnu_arm_toolchain/8-2018-q4_major/bin/../lib/gcc/arm-none-eabi/7.3.1/thumb/v6-m/crti.o
 .bss           0x1000007c       0x1c c:/nanoframework_tools/gnu_arm_toolchain/8-2018-q4_major/bin/../lib/gcc/arm-none-eabi/7.3.1/thumb/v6-m/crtbegin.o
 .bss           0x10000098        0x0 c:/nanoframework_tools/gnu_arm_toolchain/8-2018-q4_major/bin/../lib/gcc/arm-none-eabi/7.3.1/../../../../arm-none-eabi/lib/thumb/v6-m/crt0.o
 .bss           0x10000098        0x0 c:/nanoframework_tools/gnu_arm_toolchain/8-2018-q4_major/bin/../lib/gcc/arm-none-eabi/7.3.1/../../../../arm-none-eabi/lib/thumb/v6-m\libc_nano.a(lib_a-exit.o)
 .bss           0x10000098        0x0 c:/nanoframework_tools/gnu_arm_toolchain/8-2018-q4_major/bin/../lib/gcc/arm-none-eabi/7.3.1/../../../../arm-none-eabi/lib/thumb/v6-m\libc_nano.a(lib_a-impure.o)
 .bss           0x10000098        0x0 c:/nanoframework_tools/gnu_arm_toolchain/8-2018-q4_major/bin/../lib/gcc/arm-none-eabi/7.3.1/../../../../arm-none-eabi/lib/thumb/v6-m\libc_nano.a(lib_a-init.o)
 .bss           0x10000098        0x0 c:/nanoframework_tools/gnu_arm_toolchain/8-2018-q4_major/bin/../lib/gcc/arm-none-eabi/7.3.1/../../../../arm-none-eabi/lib/thumb/v6-m\libc_nano.a(lib_a-memset.o)
 .bss           0x10000098        0x0 c:/nanoframework_tools/gnu_arm_toolchain/8-2018-q4_major/bin/../lib/gcc/arm-none-eabi/7.3.1/../../../../arm-none-eabi/lib/thumb/v6-m\libnosys.a(_exit.o)
 .bss           0x10000098        0x0 CMakeFiles/LPC1113_Test_2.elf.dir/Main/main.c.obj
 .bss           0x10000098        0x0 CMakeFiles/LPC1113_Test_2.elf.dir/Startup/system_LPC11xx.c.obj
 .bss           0x10000098        0x0 c:/nanoframework_tools/gnu_arm_toolchain/8-2018-q4_major/bin/../lib/gcc/arm-none-eabi/7.3.1/thumb/v6-m/crtend.o
 .bss           0x10000098        0x0 c:/nanoframework_tools/gnu_arm_toolchain/8-2018-q4_major/bin/../lib/gcc/arm-none-eabi/7.3.1/thumb/v6-m/crtn.o
 *(COMMON)
                0x10000098                . = ALIGN (0x4)
                0x10000098                __bss_end__ = .

.heap           0x10000098        0x0
                0x10000098                __end__ = .
                [!provide]                PROVIDE (end = .)
 *(.heap*)
                0x10000098                __HeapLimit = .

.stack_dummy    0x10000098        0x0
 *(.stack*)
                0x10002000                __StackTop = (ORIGIN (RAM) + LENGTH (RAM))
                0x10002000                __StackLimit = (__StackTop - SIZEOF (.stack_dummy))
                0x10002000                PROVIDE (__stack = __StackTop)
                0x00000001                ASSERT ((__StackLimit >= __HeapLimit), region RAM overflowed with stack)
OUTPUT(LPC1113_Test_2.elf elf32-littlearm)

.ARM.attributes
                0x00000000       0x28
 .ARM.attributes
                0x00000000       0x1e c:/nanoframework_tools/gnu_arm_toolchain/8-2018-q4_major/bin/../lib/gcc/arm-none-eabi/7.3.1/thumb/v6-m/crti.o
 .ARM.attributes
                0x0000001e       0x2c c:/nanoframework_tools/gnu_arm_toolchain/8-2018-q4_major/bin/../lib/gcc/arm-none-eabi/7.3.1/thumb/v6-m/crtbegin.o
 .ARM.attributes
                0x0000004a       0x1b c:/nanoframework_tools/gnu_arm_toolchain/8-2018-q4_major/bin/../lib/gcc/arm-none-eabi/7.3.1/../../../../arm-none-eabi/lib/thumb/v6-m/crt0.o
 .ARM.attributes
                0x00000065       0x2c c:/nanoframework_tools/gnu_arm_toolchain/8-2018-q4_major/bin/../lib/gcc/arm-none-eabi/7.3.1/../../../../arm-none-eabi/lib/thumb/v6-m\libc_nano.a(lib_a-exit.o)
 .ARM.attributes
                0x00000091       0x2c c:/nanoframework_tools/gnu_arm_toolchain/8-2018-q4_major/bin/../lib/gcc/arm-none-eabi/7.3.1/../../../../arm-none-eabi/lib/thumb/v6-m\libc_nano.a(lib_a-impure.o)
 .ARM.attributes
                0x000000bd       0x2c c:/nanoframework_tools/gnu_arm_toolchain/8-2018-q4_major/bin/../lib/gcc/arm-none-eabi/7.3.1/../../../../arm-none-eabi/lib/thumb/v6-m\libc_nano.a(lib_a-init.o)
 .ARM.attributes
                0x000000e9       0x2c c:/nanoframework_tools/gnu_arm_toolchain/8-2018-q4_major/bin/../lib/gcc/arm-none-eabi/7.3.1/../../../../arm-none-eabi/lib/thumb/v6-m\libc_nano.a(lib_a-memset.o)
 .ARM.attributes
                0x00000115       0x2c c:/nanoframework_tools/gnu_arm_toolchain/8-2018-q4_major/bin/../lib/gcc/arm-none-eabi/7.3.1/../../../../arm-none-eabi/lib/thumb/v6-m\libnosys.a(_exit.o)
 .ARM.attributes
                0x00000141       0x31 CMakeFiles/LPC1113_Test_2.elf.dir/Main/main.c.obj
 .ARM.attributes
                0x00000172       0x31 CMakeFiles/LPC1113_Test_2.elf.dir/Startup/system_LPC11xx.c.obj
 .ARM.attributes
                0x000001a3       0x2c c:/nanoframework_tools/gnu_arm_toolchain/8-2018-q4_major/bin/../lib/gcc/arm-none-eabi/7.3.1/thumb/v6-m/crtend.o
 .ARM.attributes
                0x000001cf       0x1e c:/nanoframework_tools/gnu_arm_toolchain/8-2018-q4_major/bin/../lib/gcc/arm-none-eabi/7.3.1/thumb/v6-m/crtn.o

.comment        0x00000000       0x7f
 .comment       0x00000000       0x7f CMakeFiles/LPC1113_Test_2.elf.dir/Main/main.c.obj
                                 0x80 (size before relaxing)
 .comment       0x0000007f       0x80 CMakeFiles/LPC1113_Test_2.elf.dir/Startup/system_LPC11xx.c.obj

.debug_frame    0x00000000       0xf4
 .debug_frame   0x00000000       0x28 c:/nanoframework_tools/gnu_arm_toolchain/8-2018-q4_major/bin/../lib/gcc/arm-none-eabi/7.3.1/../../../../arm-none-eabi/lib/thumb/v6-m\libc_nano.a(lib_a-exit.o)
 .debug_frame   0x00000028       0x2c c:/nanoframework_tools/gnu_arm_toolchain/8-2018-q4_major/bin/../lib/gcc/arm-none-eabi/7.3.1/../../../../arm-none-eabi/lib/thumb/v6-m\libc_nano.a(lib_a-init.o)
 .debug_frame   0x00000054       0x20 c:/nanoframework_tools/gnu_arm_toolchain/8-2018-q4_major/bin/../lib/gcc/arm-none-eabi/7.3.1/../../../../arm-none-eabi/lib/thumb/v6-m\libc_nano.a(lib_a-memset.o)
 .debug_frame   0x00000074       0x20 c:/nanoframework_tools/gnu_arm_toolchain/8-2018-q4_major/bin/../lib/gcc/arm-none-eabi/7.3.1/../../../../arm-none-eabi/lib/thumb/v6-m\libnosys.a(_exit.o)
 .debug_frame   0x00000094       0x20 CMakeFiles/LPC1113_Test_2.elf.dir/Main/main.c.obj
 .debug_frame   0x000000b4       0x40 CMakeFiles/LPC1113_Test_2.elf.dir/Startup/system_LPC11xx.c.obj

.debug_info     0x00000000      0xd3f
 .debug_info    0x00000000      0x8d8 CMakeFiles/LPC1113_Test_2.elf.dir/Main/main.c.obj
 .debug_info    0x000008d8      0x467 CMakeFiles/LPC1113_Test_2.elf.dir/Startup/system_LPC11xx.c.obj

.debug_abbrev   0x00000000      0x2b7
 .debug_abbrev  0x00000000      0x1b8 CMakeFiles/LPC1113_Test_2.elf.dir/Main/main.c.obj
 .debug_abbrev  0x000001b8       0xff CMakeFiles/LPC1113_Test_2.elf.dir/Startup/system_LPC11xx.c.obj

.debug_aranges  0x00000000       0x40
 .debug_aranges
                0x00000000       0x20 CMakeFiles/LPC1113_Test_2.elf.dir/Main/main.c.obj
 .debug_aranges
                0x00000020       0x20 CMakeFiles/LPC1113_Test_2.elf.dir/Startup/system_LPC11xx.c.obj

.debug_ranges   0x00000000       0x10
 .debug_ranges  0x00000000       0x10 CMakeFiles/LPC1113_Test_2.elf.dir/Main/main.c.obj

.debug_line     0x00000000      0x33c
 .debug_line    0x00000000      0x1b1 CMakeFiles/LPC1113_Test_2.elf.dir/Main/main.c.obj
 .debug_line    0x000001b1      0x18b CMakeFiles/LPC1113_Test_2.elf.dir/Startup/system_LPC11xx.c.obj

.debug_str      0x00000000      0x7bf
 .debug_str     0x00000000      0x4fc CMakeFiles/LPC1113_Test_2.elf.dir/Main/main.c.obj
                                0x55d (size before relaxing)
 .debug_str     0x000004fc      0x2c3 CMakeFiles/LPC1113_Test_2.elf.dir/Startup/system_LPC11xx.c.obj
                                0x418 (size before relaxing)

.debug_loc      0x00000000       0x19
 .debug_loc     0x00000000       0x19 CMakeFiles/LPC1113_Test_2.elf.dir/Startup/system_LPC11xx.c.obj
