Archive member included to satisfy reference by file (symbol)

c:/nanoframework_tools/gnu_arm_toolchain/8-2018-q4_major/bin/../lib/gcc/arm-none-eabi/7.3.1/../../../../arm-none-eabi/lib/thumb/v6-m\libc_nano.a(lib_a-exit.o)
                              c:/nanoframework_tools/gnu_arm_toolchain/8-2018-q4_major/bin/../lib/gcc/arm-none-eabi/7.3.1/../../../../arm-none-eabi/lib/thumb/v6-m/crt0.o (exit)
c:/nanoframework_tools/gnu_arm_toolchain/8-2018-q4_major/bin/../lib/gcc/arm-none-eabi/7.3.1/../../../../arm-none-eabi/lib/thumb/v6-m\libc_nano.a(lib_a-impure.o)
                              c:/nanoframework_tools/gnu_arm_toolchain/8-2018-q4_major/bin/../lib/gcc/arm-none-eabi/7.3.1/../../../../arm-none-eabi/lib/thumb/v6-m\libc_nano.a(lib_a-exit.o) (_global_impure_ptr)
c:/nanoframework_tools/gnu_arm_toolchain/8-2018-q4_major/bin/../lib/gcc/arm-none-eabi/7.3.1/../../../../arm-none-eabi/lib/thumb/v6-m\libc_nano.a(lib_a-init.o)
                              c:/nanoframework_tools/gnu_arm_toolchain/8-2018-q4_major/bin/../lib/gcc/arm-none-eabi/7.3.1/../../../../arm-none-eabi/lib/thumb/v6-m/crt0.o (__libc_init_array)
c:/nanoframework_tools/gnu_arm_toolchain/8-2018-q4_major/bin/../lib/gcc/arm-none-eabi/7.3.1/../../../../arm-none-eabi/lib/thumb/v6-m\libc_nano.a(lib_a-memset.o)
                              c:/nanoframework_tools/gnu_arm_toolchain/8-2018-q4_major/bin/../lib/gcc/arm-none-eabi/7.3.1/../../../../arm-none-eabi/lib/thumb/v6-m/crt0.o (memset)
c:/nanoframework_tools/gnu_arm_toolchain/8-2018-q4_major/bin/../lib/gcc/arm-none-eabi/7.3.1/../../../../arm-none-eabi/lib/thumb/v6-m\libnosys.a(_exit.o)
                              c:/nanoframework_tools/gnu_arm_toolchain/8-2018-q4_major/bin/../lib/gcc/arm-none-eabi/7.3.1/../../../../arm-none-eabi/lib/thumb/v6-m\libc_nano.a(lib_a-exit.o) (_exit)

Allocating common symbols
Common symbol       size              file

dummy               0x4               CMakeFiles/LPC1113_Test_2.elf.dir/Main/main.c.obj

Discarded input sections

 .text          0x00000000        0x0 c:/nanoframework_tools/gnu_arm_toolchain/8-2018-q4_major/bin/../lib/gcc/arm-none-eabi/7.3.1/thumb/v6-m/crti.o
 .data          0x00000000        0x0 c:/nanoframework_tools/gnu_arm_toolchain/8-2018-q4_major/bin/../lib/gcc/arm-none-eabi/7.3.1/thumb/v6-m/crti.o
 .bss           0x00000000        0x0 c:/nanoframework_tools/gnu_arm_toolchain/8-2018-q4_major/bin/../lib/gcc/arm-none-eabi/7.3.1/thumb/v6-m/crti.o
 .data          0x00000000        0x4 c:/nanoframework_tools/gnu_arm_toolchain/8-2018-q4_major/bin/../lib/gcc/arm-none-eabi/7.3.1/thumb/v6-m/crtbegin.o
 .data          0x00000000        0x0 c:/nanoframework_tools/gnu_arm_toolchain/8-2018-q4_major/bin/../lib/gcc/arm-none-eabi/7.3.1/../../../../arm-none-eabi/lib/thumb/v6-m/crt0.o
 .bss           0x00000000        0x0 c:/nanoframework_tools/gnu_arm_toolchain/8-2018-q4_major/bin/../lib/gcc/arm-none-eabi/7.3.1/../../../../arm-none-eabi/lib/thumb/v6-m/crt0.o
 .ARM.extab     0x00000000        0x0 c:/nanoframework_tools/gnu_arm_toolchain/8-2018-q4_major/bin/../lib/gcc/arm-none-eabi/7.3.1/../../../../arm-none-eabi/lib/thumb/v6-m/crt0.o
 .text          0x00000000        0x0 c:/nanoframework_tools/gnu_arm_toolchain/8-2018-q4_major/bin/../lib/gcc/arm-none-eabi/7.3.1/../../../../arm-none-eabi/lib/thumb/v6-m\libc_nano.a(lib_a-exit.o)
 .data          0x00000000        0x0 c:/nanoframework_tools/gnu_arm_toolchain/8-2018-q4_major/bin/../lib/gcc/arm-none-eabi/7.3.1/../../../../arm-none-eabi/lib/thumb/v6-m\libc_nano.a(lib_a-exit.o)
 .bss           0x00000000        0x0 c:/nanoframework_tools/gnu_arm_toolchain/8-2018-q4_major/bin/../lib/gcc/arm-none-eabi/7.3.1/../../../../arm-none-eabi/lib/thumb/v6-m\libc_nano.a(lib_a-exit.o)
 .text          0x00000000        0x0 c:/nanoframework_tools/gnu_arm_toolchain/8-2018-q4_major/bin/../lib/gcc/arm-none-eabi/7.3.1/../../../../arm-none-eabi/lib/thumb/v6-m\libc_nano.a(lib_a-impure.o)
 .data          0x00000000        0x0 c:/nanoframework_tools/gnu_arm_toolchain/8-2018-q4_major/bin/../lib/gcc/arm-none-eabi/7.3.1/../../../../arm-none-eabi/lib/thumb/v6-m\libc_nano.a(lib_a-impure.o)
 .bss           0x00000000        0x0 c:/nanoframework_tools/gnu_arm_toolchain/8-2018-q4_major/bin/../lib/gcc/arm-none-eabi/7.3.1/../../../../arm-none-eabi/lib/thumb/v6-m\libc_nano.a(lib_a-impure.o)
 .data._impure_ptr
                0x00000000        0x4 c:/nanoframework_tools/gnu_arm_toolchain/8-2018-q4_major/bin/../lib/gcc/arm-none-eabi/7.3.1/../../../../arm-none-eabi/lib/thumb/v6-m\libc_nano.a(lib_a-impure.o)
 .text          0x00000000        0x0 c:/nanoframework_tools/gnu_arm_toolchain/8-2018-q4_major/bin/../lib/gcc/arm-none-eabi/7.3.1/../../../../arm-none-eabi/lib/thumb/v6-m\libc_nano.a(lib_a-init.o)
 .data          0x00000000        0x0 c:/nanoframework_tools/gnu_arm_toolchain/8-2018-q4_major/bin/../lib/gcc/arm-none-eabi/7.3.1/../../../../arm-none-eabi/lib/thumb/v6-m\libc_nano.a(lib_a-init.o)
 .bss           0x00000000        0x0 c:/nanoframework_tools/gnu_arm_toolchain/8-2018-q4_major/bin/../lib/gcc/arm-none-eabi/7.3.1/../../../../arm-none-eabi/lib/thumb/v6-m\libc_nano.a(lib_a-init.o)
 .text          0x00000000        0x0 c:/nanoframework_tools/gnu_arm_toolchain/8-2018-q4_major/bin/../lib/gcc/arm-none-eabi/7.3.1/../../../../arm-none-eabi/lib/thumb/v6-m\libc_nano.a(lib_a-memset.o)
 .data          0x00000000        0x0 c:/nanoframework_tools/gnu_arm_toolchain/8-2018-q4_major/bin/../lib/gcc/arm-none-eabi/7.3.1/../../../../arm-none-eabi/lib/thumb/v6-m\libc_nano.a(lib_a-memset.o)
 .bss           0x00000000        0x0 c:/nanoframework_tools/gnu_arm_toolchain/8-2018-q4_major/bin/../lib/gcc/arm-none-eabi/7.3.1/../../../../arm-none-eabi/lib/thumb/v6-m\libc_nano.a(lib_a-memset.o)
 .text          0x00000000        0x0 c:/nanoframework_tools/gnu_arm_toolchain/8-2018-q4_major/bin/../lib/gcc/arm-none-eabi/7.3.1/../../../../arm-none-eabi/lib/thumb/v6-m\libnosys.a(_exit.o)
 .data          0x00000000        0x0 c:/nanoframework_tools/gnu_arm_toolchain/8-2018-q4_major/bin/../lib/gcc/arm-none-eabi/7.3.1/../../../../arm-none-eabi/lib/thumb/v6-m\libnosys.a(_exit.o)
 .bss           0x00000000        0x0 c:/nanoframework_tools/gnu_arm_toolchain/8-2018-q4_major/bin/../lib/gcc/arm-none-eabi/7.3.1/../../../../arm-none-eabi/lib/thumb/v6-m\libnosys.a(_exit.o)
 .data          0x00000000        0x0 CMakeFiles/LPC1113_Test_2.elf.dir/Main/main.c.obj
 .bss           0x00000000        0x0 CMakeFiles/LPC1113_Test_2.elf.dir/Main/main.c.obj
 .rodata        0x00000000        0xc CMakeFiles/LPC1113_Test_2.elf.dir/Main/main.c.obj
 COMMON         0x00000000        0x4 CMakeFiles/LPC1113_Test_2.elf.dir/Main/main.c.obj
 .data          0x00000000        0x0 CMakeFiles/LPC1113_Test_2.elf.dir/Startup/startup_LPC11xx.S.obj
 .bss           0x00000000        0x0 CMakeFiles/LPC1113_Test_2.elf.dir/Startup/startup_LPC11xx.S.obj
 .bss           0x00000000        0x0 CMakeFiles/LPC1113_Test_2.elf.dir/Startup/system_LPC11xx.c.obj
 .text          0x00000000        0x0 c:/nanoframework_tools/gnu_arm_toolchain/8-2018-q4_major/bin/../lib/gcc/arm-none-eabi/7.3.1/thumb/v6-m/crtend.o
 .data          0x00000000        0x0 c:/nanoframework_tools/gnu_arm_toolchain/8-2018-q4_major/bin/../lib/gcc/arm-none-eabi/7.3.1/thumb/v6-m/crtend.o
 .bss           0x00000000        0x0 c:/nanoframework_tools/gnu_arm_toolchain/8-2018-q4_major/bin/../lib/gcc/arm-none-eabi/7.3.1/thumb/v6-m/crtend.o
 .text          0x00000000        0x0 c:/nanoframework_tools/gnu_arm_toolchain/8-2018-q4_major/bin/../lib/gcc/arm-none-eabi/7.3.1/thumb/v6-m/crtn.o
 .data          0x00000000        0x0 c:/nanoframework_tools/gnu_arm_toolchain/8-2018-q4_major/bin/../lib/gcc/arm-none-eabi/7.3.1/thumb/v6-m/crtn.o
 .bss           0x00000000        0x0 c:/nanoframework_tools/gnu_arm_toolchain/8-2018-q4_major/bin/../lib/gcc/arm-none-eabi/7.3.1/thumb/v6-m/crtn.o

Memory Configuration

Name             Origin             Length             Attributes
FLASH            0x00000000         0x00006000         xr
RAM              0x10000000         0x00002000         xrw
*default*        0x00000000         0xffffffff

Linker script and memory map

LOAD c:/nanoframework_tools/gnu_arm_toolchain/8-2018-q4_major/bin/../lib/gcc/arm-none-eabi/7.3.1/thumb/v6-m/crti.o
LOAD c:/nanoframework_tools/gnu_arm_toolchain/8-2018-q4_major/bin/../lib/gcc/arm-none-eabi/7.3.1/thumb/v6-m/crtbegin.o
LOAD c:/nanoframework_tools/gnu_arm_toolchain/8-2018-q4_major/bin/../lib/gcc/arm-none-eabi/7.3.1/../../../../arm-none-eabi/lib/thumb/v6-m/crt0.o
LOAD c:/nanoframework_tools/gnu_arm_toolchain/8-2018-q4_major/bin/../lib/gcc/arm-none-eabi/7.3.1/thumb/v6-m\libgcc.a
LOAD c:/nanoframework_tools/gnu_arm_toolchain/8-2018-q4_major/bin/../lib/gcc/arm-none-eabi/7.3.1/../../../../arm-none-eabi/lib/thumb/v6-m\libc_nano.a
LOAD c:/nanoframework_tools/gnu_arm_toolchain/8-2018-q4_major/bin/../lib/gcc/arm-none-eabi/7.3.1/../../../../arm-none-eabi/lib/thumb/v6-m\libnosys.a
LOAD CMakeFiles/LPC1113_Test_2.elf.dir/Main/main.c.obj
LOAD CMakeFiles/LPC1113_Test_2.elf.dir/Startup/startup_LPC11xx.S.obj
LOAD CMakeFiles/LPC1113_Test_2.elf.dir/Startup/system_LPC11xx.c.obj
START GROUP
LOAD c:/nanoframework_tools/gnu_arm_toolchain/8-2018-q4_major/bin/../lib/gcc/arm-none-eabi/7.3.1/thumb/v6-m\libgcc.a
LOAD c:/nanoframework_tools/gnu_arm_toolchain/8-2018-q4_major/bin/../lib/gcc/arm-none-eabi/7.3.1/../../../../arm-none-eabi/lib/thumb/v6-m\libg_nano.a
LOAD c:/nanoframework_tools/gnu_arm_toolchain/8-2018-q4_major/bin/../lib/gcc/arm-none-eabi/7.3.1/../../../../arm-none-eabi/lib/thumb/v6-m\libc_nano.a
END GROUP
START GROUP
LOAD c:/nanoframework_tools/gnu_arm_toolchain/8-2018-q4_major/bin/../lib/gcc/arm-none-eabi/7.3.1/thumb/v6-m\libgcc.a
LOAD c:/nanoframework_tools/gnu_arm_toolchain/8-2018-q4_major/bin/../lib/gcc/arm-none-eabi/7.3.1/../../../../arm-none-eabi/lib/thumb/v6-m\libc_nano.a
LOAD c:/nanoframework_tools/gnu_arm_toolchain/8-2018-q4_major/bin/../lib/gcc/arm-none-eabi/7.3.1/../../../../arm-none-eabi/lib/thumb/v6-m\libnosys.a
END GROUP
START GROUP
LOAD c:/nanoframework_tools/gnu_arm_toolchain/8-2018-q4_major/bin/../lib/gcc/arm-none-eabi/7.3.1/thumb/v6-m\libgcc.a
LOAD c:/nanoframework_tools/gnu_arm_toolchain/8-2018-q4_major/bin/../lib/gcc/arm-none-eabi/7.3.1/../../../../arm-none-eabi/lib/thumb/v6-m\libc_nano.a
LOAD c:/nanoframework_tools/gnu_arm_toolchain/8-2018-q4_major/bin/../lib/gcc/arm-none-eabi/7.3.1/../../../../arm-none-eabi/lib/thumb/v6-m\libnosys.a
END GROUP
LOAD c:/nanoframework_tools/gnu_arm_toolchain/8-2018-q4_major/bin/../lib/gcc/arm-none-eabi/7.3.1/thumb/v6-m/crtend.o
LOAD c:/nanoframework_tools/gnu_arm_toolchain/8-2018-q4_major/bin/../lib/gcc/arm-none-eabi/7.3.1/thumb/v6-m/crtn.o

.text           0x00000000      0x3c4
                0x00000000                __START = .
 *(.isr_vector)
 .isr_vector    0x00000000       0xc0 CMakeFiles/LPC1113_Test_2.elf.dir/Startup/startup_LPC11xx.S.obj
                0x00000000                __isr_vector
 *(.text*)
 .text          0x000000c0       0x48 c:/nanoframework_tools/gnu_arm_toolchain/8-2018-q4_major/bin/../lib/gcc/arm-none-eabi/7.3.1/thumb/v6-m/crtbegin.o
 .text          0x00000108       0x78 c:/nanoframework_tools/gnu_arm_toolchain/8-2018-q4_major/bin/../lib/gcc/arm-none-eabi/7.3.1/../../../../arm-none-eabi/lib/thumb/v6-m/crt0.o
                0x00000108                _start
                0x00000108                _mainCRTStartup
 .text.exit     0x00000180       0x2c c:/nanoframework_tools/gnu_arm_toolchain/8-2018-q4_major/bin/../lib/gcc/arm-none-eabi/7.3.1/../../../../arm-none-eabi/lib/thumb/v6-m\libc_nano.a(lib_a-exit.o)
                0x00000180                exit
 .text.__libc_init_array
                0x000001ac       0x48 c:/nanoframework_tools/gnu_arm_toolchain/8-2018-q4_major/bin/../lib/gcc/arm-none-eabi/7.3.1/../../../../arm-none-eabi/lib/thumb/v6-m\libc_nano.a(lib_a-init.o)
                0x000001ac                __libc_init_array
 .text.memset   0x000001f4       0x10 c:/nanoframework_tools/gnu_arm_toolchain/8-2018-q4_major/bin/../lib/gcc/arm-none-eabi/7.3.1/../../../../arm-none-eabi/lib/thumb/v6-m\libc_nano.a(lib_a-memset.o)
                0x000001f4                memset
 .text._exit    0x00000204        0x4 c:/nanoframework_tools/gnu_arm_toolchain/8-2018-q4_major/bin/../lib/gcc/arm-none-eabi/7.3.1/../../../../arm-none-eabi/lib/thumb/v6-m\libnosys.a(_exit.o)
                0x00000204                _exit
 .text          0x00000208       0x68 CMakeFiles/LPC1113_Test_2.elf.dir/Main/main.c.obj
                0x00000208                Delay
                0x00000220                LED_Config
                0x00000258                LED_Set
                0x00000264                LED_Clear
 .text.startup  0x00000270       0x2c CMakeFiles/LPC1113_Test_2.elf.dir/Main/main.c.obj
                0x00000270                main
 .text          0x0000029c       0x70 CMakeFiles/LPC1113_Test_2.elf.dir/Startup/startup_LPC11xx.S.obj
                0x0000029c                Reset_Handler
                0x000002dc                NMI_Handler
                0x000002de                HardFault_Handler
                0x000002e0                SVC_Handler
                0x000002e2                DebugMon_Handler
                0x000002e4                PendSV_Handler
                0x000002e6                SysTick_Handler
                0x000002e8                Default_Handler
                0x000002e8                DEF_IRQHandler
                0x000002ea                WAKEUP_IRQHandler
                0x000002ec                SSP1_IRQHandler
                0x000002ee                I2C_IRQHandler
                0x000002f0                TIMER16_0_IRQHandler
                0x000002f2                TIMER16_1_IRQHandler
                0x000002f4                TIMER32_0_IRQHandler
                0x000002f6                TIMER32_1_IRQHandler
                0x000002f8                SSP0_IRQHandler
                0x000002fa                UART_IRQHandler
                0x000002fc                ADC_IRQHandler
                0x000002fe                WDT_IRQHandler
                0x00000300                BOD_IRQHandler
                0x00000302                PIOINT3_IRQHandler
                0x00000304                PIOINT2_IRQHandler
                0x00000306                PIOINT1_IRQHandler
                0x00000308                PIOINT0_IRQHandler
 .text          0x0000030c       0x98 CMakeFiles/LPC1113_Test_2.elf.dir/Startup/system_LPC11xx.c.obj
                0x0000030c                Main_PLL_Setup
                0x00000378                SystemInit
 *(.init)
 .init          0x000003a4        0x4 c:/nanoframework_tools/gnu_arm_toolchain/8-2018-q4_major/bin/../lib/gcc/arm-none-eabi/7.3.1/thumb/v6-m/crti.o
                0x000003a4                _init
 .init          0x000003a8        0x8 c:/nanoframework_tools/gnu_arm_toolchain/8-2018-q4_major/bin/../lib/gcc/arm-none-eabi/7.3.1/thumb/v6-m/crtn.o
 *(.fini)
 .fini          0x000003b0        0x4 c:/nanoframework_tools/gnu_arm_toolchain/8-2018-q4_major/bin/../lib/gcc/arm-none-eabi/7.3.1/thumb/v6-m/crti.o
                0x000003b0                _fini
 .fini          0x000003b4        0x8 c:/nanoframework_tools/gnu_arm_toolchain/8-2018-q4_major/bin/../lib/gcc/arm-none-eabi/7.3.1/thumb/v6-m/crtn.o
 *crtbegin.o(.ctors)
 *crtbegin?.o(.ctors)
 *(EXCLUDE_FILE(*crtend.o *crtend?.o) .ctors)
 *(SORT_BY_NAME(.ctors.*))
 *(.ctors)
 *crtbegin.o(.dtors)
 *crtbegin?.o(.dtors)
 *(EXCLUDE_FILE(*crtend.o *crtend?.o) .dtors)
 *(SORT_BY_NAME(.dtors.*))
 *(.dtors)
 *(.rodata*)
 .rodata._global_impure_ptr
                0x000003bc        0x4 c:/nanoframework_tools/gnu_arm_toolchain/8-2018-q4_major/bin/../lib/gcc/arm-none-eabi/7.3.1/../../../../arm-none-eabi/lib/thumb/v6-m\libc_nano.a(lib_a-impure.o)
                0x000003bc                _global_impure_ptr
 *(.eh_frame*)
 .eh_frame      0x000003c0        0x0 c:/nanoframework_tools/gnu_arm_toolchain/8-2018-q4_major/bin/../lib/gcc/arm-none-eabi/7.3.1/thumb/v6-m/crtbegin.o
 .eh_frame      0x000003c0        0x4 c:/nanoframework_tools/gnu_arm_toolchain/8-2018-q4_major/bin/../lib/gcc/arm-none-eabi/7.3.1/thumb/v6-m/crtend.o

.glue_7         0x000003c4        0x0
 .glue_7        0x000003c4        0x0 linker stubs

.glue_7t        0x000003c4        0x0
 .glue_7t       0x000003c4        0x0 linker stubs

.vfp11_veneer   0x000003c4        0x0
 .vfp11_veneer  0x000003c4        0x0 linker stubs

.v4_bx          0x000003c4        0x0
 .v4_bx         0x000003c4        0x0 linker stubs

.iplt           0x000003c4        0x0
 .iplt          0x000003c4        0x0 c:/nanoframework_tools/gnu_arm_toolchain/8-2018-q4_major/bin/../lib/gcc/arm-none-eabi/7.3.1/thumb/v6-m/crtbegin.o

.ARM.extab
 *(.ARM.extab* .gnu.linkonce.armextab.*)
                0x000003c4                __exidx_start = .

.ARM.exidx      0x000003c4        0x8
 *(.ARM.exidx* .gnu.linkonce.armexidx.*)
 .ARM.exidx     0x000003c4        0x8 c:/nanoframework_tools/gnu_arm_toolchain/8-2018-q4_major/bin/../lib/gcc/arm-none-eabi/7.3.1/../../../../arm-none-eabi/lib/thumb/v6-m/crt0.o
                0x000003cc                __exidx_end = .
                0x000003cc                __etext = .

.rel.dyn        0x000003cc        0x0
 .rel.iplt      0x000003cc        0x0 c:/nanoframework_tools/gnu_arm_toolchain/8-2018-q4_major/bin/../lib/gcc/arm-none-eabi/7.3.1/thumb/v6-m/crtbegin.o

.data           0x10000000       0x74 load address 0x000003cc
                0x10000000                __data_start__ = .
 *(vtable)
 *(.data*)
 .data.impure_data
                0x10000000       0x60 c:/nanoframework_tools/gnu_arm_toolchain/8-2018-q4_major/bin/../lib/gcc/arm-none-eabi/7.3.1/../../../../arm-none-eabi/lib/thumb/v6-m\libc_nano.a(lib_a-impure.o)
 .data          0x10000060        0xc CMakeFiles/LPC1113_Test_2.elf.dir/Startup/system_LPC11xx.c.obj
                0x10000060                ClockSource
                0x10000064                SystemFrequency
                0x10000068                SystemAHBFrequency
                0x1000006c                . = ALIGN (0x4)
                0x1000006c                PROVIDE (__preinit_array_start = .)
 *(.preinit_array)
                0x1000006c                PROVIDE (__preinit_array_end = .)
                0x1000006c                . = ALIGN (0x4)
                0x1000006c                PROVIDE (__init_array_start = .)
 *(SORT_BY_NAME(.init_array.*))
 *(.init_array)
 .init_array    0x1000006c        0x4 c:/nanoframework_tools/gnu_arm_toolchain/8-2018-q4_major/bin/../lib/gcc/arm-none-eabi/7.3.1/thumb/v6-m/crtbegin.o
                0x10000070                PROVIDE (__init_array_end = .)
                0x10000070                . = ALIGN (0x4)
                [!provide]                PROVIDE (__fini_array_start = .)
 *(SORT_BY_NAME(.fini_array.*))
 *(.fini_array)
 .fini_array    0x10000070        0x4 c:/nanoframework_tools/gnu_arm_toolchain/8-2018-q4_major/bin/../lib/gcc/arm-none-eabi/7.3.1/thumb/v6-m/crtbegin.o
                [!provide]                PROVIDE (__fini_array_end = .)
 *(.jcr*)
                0x10000074                . = ALIGN (0x4)
                0x10000074                __data_end__ = .

.igot.plt       0x10000074        0x0 load address 0x00000440
 .igot.plt      0x10000074        0x0 c:/nanoframework_tools/gnu_arm_toolchain/8-2018-q4_major/bin/../lib/gcc/arm-none-eabi/7.3.1/thumb/v6-m/crtbegin.o

.bss            0x10000074       0x1c load address 0x00000440
                0x10000074                . = ALIGN (0x4)
                0x10000074                __bss_start__ = .
 *(.bss*)
 .bss           0x10000074       0x1c c:/nanoframework_tools/gnu_arm_toolchain/8-2018-q4_major/bin/../lib/gcc/arm-none-eabi/7.3.1/thumb/v6-m/crtbegin.o
 *(COMMON)
                0x10000090                . = ALIGN (0x4)
                0x10000090                __bss_end__ = .

.heap           0x10000090        0x0
                0x10000090                __end__ = .
                [!provide]                PROVIDE (end = .)
 *(.heap*)
 .heap          0x10000090        0x0 CMakeFiles/LPC1113_Test_2.elf.dir/Startup/startup_LPC11xx.S.obj
                0x10000090                __HeapLimit = .

.stack_dummy    0x10000090      0xc00
 *(.stack*)
 .stack         0x10000090      0xc00 CMakeFiles/LPC1113_Test_2.elf.dir/Startup/startup_LPC11xx.S.obj
                0x10002000                __StackTop = (ORIGIN (RAM) + LENGTH (RAM))
                0x10001400                __StackLimit = (__StackTop - SIZEOF (.stack_dummy))
                0x10002000                PROVIDE (__stack = __StackTop)
                0x00000001                ASSERT ((__StackLimit >= __HeapLimit), region RAM overflowed with stack)
OUTPUT(LPC1113_Test_2.elf elf32-littlearm)

.ARM.attributes
                0x00000000       0x28
 .ARM.attributes
                0x00000000       0x1e c:/nanoframework_tools/gnu_arm_toolchain/8-2018-q4_major/bin/../lib/gcc/arm-none-eabi/7.3.1/thumb/v6-m/crti.o
 .ARM.attributes
                0x0000001e       0x2c c:/nanoframework_tools/gnu_arm_toolchain/8-2018-q4_major/bin/../lib/gcc/arm-none-eabi/7.3.1/thumb/v6-m/crtbegin.o
 .ARM.attributes
                0x0000004a       0x1b c:/nanoframework_tools/gnu_arm_toolchain/8-2018-q4_major/bin/../lib/gcc/arm-none-eabi/7.3.1/../../../../arm-none-eabi/lib/thumb/v6-m/crt0.o
 .ARM.attributes
                0x00000065       0x2c c:/nanoframework_tools/gnu_arm_toolchain/8-2018-q4_major/bin/../lib/gcc/arm-none-eabi/7.3.1/../../../../arm-none-eabi/lib/thumb/v6-m\libc_nano.a(lib_a-exit.o)
 .ARM.attributes
                0x00000091       0x2c c:/nanoframework_tools/gnu_arm_toolchain/8-2018-q4_major/bin/../lib/gcc/arm-none-eabi/7.3.1/../../../../arm-none-eabi/lib/thumb/v6-m\libc_nano.a(lib_a-impure.o)
 .ARM.attributes
                0x000000bd       0x2c c:/nanoframework_tools/gnu_arm_toolchain/8-2018-q4_major/bin/../lib/gcc/arm-none-eabi/7.3.1/../../../../arm-none-eabi/lib/thumb/v6-m\libc_nano.a(lib_a-init.o)
 .ARM.attributes
                0x000000e9       0x2c c:/nanoframework_tools/gnu_arm_toolchain/8-2018-q4_major/bin/../lib/gcc/arm-none-eabi/7.3.1/../../../../arm-none-eabi/lib/thumb/v6-m\libc_nano.a(lib_a-memset.o)
 .ARM.attributes
                0x00000115       0x2c c:/nanoframework_tools/gnu_arm_toolchain/8-2018-q4_major/bin/../lib/gcc/arm-none-eabi/7.3.1/../../../../arm-none-eabi/lib/thumb/v6-m\libnosys.a(_exit.o)
 .ARM.attributes
                0x00000141       0x31 CMakeFiles/LPC1113_Test_2.elf.dir/Main/main.c.obj
 .ARM.attributes
                0x00000172       0x1b CMakeFiles/LPC1113_Test_2.elf.dir/Startup/startup_LPC11xx.S.obj
 .ARM.attributes
                0x0000018d       0x31 CMakeFiles/LPC1113_Test_2.elf.dir/Startup/system_LPC11xx.c.obj
 .ARM.attributes
                0x000001be       0x2c c:/nanoframework_tools/gnu_arm_toolchain/8-2018-q4_major/bin/../lib/gcc/arm-none-eabi/7.3.1/thumb/v6-m/crtend.o
 .ARM.attributes
                0x000001ea       0x1e c:/nanoframework_tools/gnu_arm_toolchain/8-2018-q4_major/bin/../lib/gcc/arm-none-eabi/7.3.1/thumb/v6-m/crtn.o

.comment        0x00000000       0x7f
 .comment       0x00000000       0x7f CMakeFiles/LPC1113_Test_2.elf.dir/Main/main.c.obj
                                 0x80 (size before relaxing)
 .comment       0x0000007f       0x80 CMakeFiles/LPC1113_Test_2.elf.dir/Startup/system_LPC11xx.c.obj

.debug_frame    0x00000000      0x140
 .debug_frame   0x00000000       0x28 c:/nanoframework_tools/gnu_arm_toolchain/8-2018-q4_major/bin/../lib/gcc/arm-none-eabi/7.3.1/../../../../arm-none-eabi/lib/thumb/v6-m\libc_nano.a(lib_a-exit.o)
 .debug_frame   0x00000028       0x2c c:/nanoframework_tools/gnu_arm_toolchain/8-2018-q4_major/bin/../lib/gcc/arm-none-eabi/7.3.1/../../../../arm-none-eabi/lib/thumb/v6-m\libc_nano.a(lib_a-init.o)
 .debug_frame   0x00000054       0x20 c:/nanoframework_tools/gnu_arm_toolchain/8-2018-q4_major/bin/../lib/gcc/arm-none-eabi/7.3.1/../../../../arm-none-eabi/lib/thumb/v6-m\libc_nano.a(lib_a-memset.o)
 .debug_frame   0x00000074       0x20 c:/nanoframework_tools/gnu_arm_toolchain/8-2018-q4_major/bin/../lib/gcc/arm-none-eabi/7.3.1/../../../../arm-none-eabi/lib/thumb/v6-m\libnosys.a(_exit.o)
 .debug_frame   0x00000094       0x6c CMakeFiles/LPC1113_Test_2.elf.dir/Main/main.c.obj
 .debug_frame   0x00000100       0x40 CMakeFiles/LPC1113_Test_2.elf.dir/Startup/system_LPC11xx.c.obj

.debug_info     0x00000000     0x1579
 .debug_info    0x00000000     0x10ec CMakeFiles/LPC1113_Test_2.elf.dir/Main/main.c.obj
 .debug_info    0x000010ec       0x26 CMakeFiles/LPC1113_Test_2.elf.dir/Startup/startup_LPC11xx.S.obj
 .debug_info    0x00001112      0x467 CMakeFiles/LPC1113_Test_2.elf.dir/Startup/system_LPC11xx.c.obj

.debug_abbrev   0x00000000      0x3e1
 .debug_abbrev  0x00000000      0x2ce CMakeFiles/LPC1113_Test_2.elf.dir/Main/main.c.obj
 .debug_abbrev  0x000002ce       0x14 CMakeFiles/LPC1113_Test_2.elf.dir/Startup/startup_LPC11xx.S.obj
 .debug_abbrev  0x000002e2       0xff CMakeFiles/LPC1113_Test_2.elf.dir/Startup/system_LPC11xx.c.obj

.debug_loc      0x00000000       0x44
 .debug_loc     0x00000000       0x2b CMakeFiles/LPC1113_Test_2.elf.dir/Main/main.c.obj
 .debug_loc     0x0000002b       0x19 CMakeFiles/LPC1113_Test_2.elf.dir/Startup/system_LPC11xx.c.obj

.debug_aranges  0x00000000       0x68
 .debug_aranges
                0x00000000       0x28 CMakeFiles/LPC1113_Test_2.elf.dir/Main/main.c.obj
 .debug_aranges
                0x00000028       0x20 CMakeFiles/LPC1113_Test_2.elf.dir/Startup/startup_LPC11xx.S.obj
 .debug_aranges
                0x00000048       0x20 CMakeFiles/LPC1113_Test_2.elf.dir/Startup/system_LPC11xx.c.obj

.debug_ranges   0x00000000       0x38
 .debug_ranges  0x00000000       0x38 CMakeFiles/LPC1113_Test_2.elf.dir/Main/main.c.obj

.debug_line     0x00000000      0x445
 .debug_line    0x00000000      0x235 CMakeFiles/LPC1113_Test_2.elf.dir/Main/main.c.obj
 .debug_line    0x00000235       0x85 CMakeFiles/LPC1113_Test_2.elf.dir/Startup/startup_LPC11xx.S.obj
 .debug_line    0x000002ba      0x18b CMakeFiles/LPC1113_Test_2.elf.dir/Startup/system_LPC11xx.c.obj

.debug_str      0x00000000      0xa10
 .debug_str     0x00000000      0x979 CMakeFiles/LPC1113_Test_2.elf.dir/Main/main.c.obj
                                0x9e2 (size before relaxing)
 .debug_str     0x00000979       0x2b CMakeFiles/LPC1113_Test_2.elf.dir/Startup/startup_LPC11xx.S.obj
                                 0x66 (size before relaxing)
 .debug_str     0x000009a4       0x6c CMakeFiles/LPC1113_Test_2.elf.dir/Startup/system_LPC11xx.c.obj
                                0x411 (size before relaxing)
